  001.cpp
D:\visual studio\visualstudio 2022\VC\Tools\MSVC\14.44.35207\include\sal.h(2361,8): error C2598: 链接规范必须在全局范围内
  (编译源文件“001.cpp”)
  
D:\visual studio\visualstudio 2022\VC\Tools\MSVC\14.44.35207\include\concurrencysal.h(22,8): error C2598: 链接规范必须在全局范围内
  (编译源文件“001.cpp”)
  
D:\visual studio\visualstudio 2022\VC\Tools\MSVC\14.44.35207\include\vadefs.h(51,8): error C2598: 链接规范必须在全局范围内
  (编译源文件“001.cpp”)
  
D:\visual studio\visualstudio 2022\VC\Tools\MSVC\14.44.35207\include\vadefs.h(173,18): error C2951: 模板 声明只能在全局、命名空间或类范围内使用
  (编译源文件“001.cpp”)
  
D:\visual studio\visualstudio 2022\VC\Tools\MSVC\14.44.35207\include\vadefs.h(179,18): error C2951: 模板 声明只能在全局、命名空间或类范围内使用
  (编译源文件“001.cpp”)
  
D:\visual studio\visualstudio 2022\VC\Tools\MSVC\14.44.35207\include\vadefs.h(185,18): error C2951: 模板 声明只能在全局、命名空间或类范围内使用
  (编译源文件“001.cpp”)
  
D:\visual studio\visualstudio 2022\VC\Tools\MSVC\14.44.35207\include\vadefs.h(191,18): error C2951: 模板 声明只能在全局、命名空间或类范围内使用
  (编译源文件“001.cpp”)
  
D:\visual studio\visualstudio 2022\VC\Tools\MSVC\14.44.35207\include\vcruntime.h(247,18): error C2951: 模板 声明只能在全局、命名空间或类范围内使用
  (编译源文件“001.cpp”)
  
D:\Windows Kits\10\Include\10.0.26100.0\ucrt\corecrt.h(256,13): error C2951: 模板 声明只能在全局、命名空间或类范围内使用
  (编译源文件“001.cpp”)
  
D:\Windows Kits\10\Include\10.0.26100.0\ucrt\corecrt.h(259,13): error C2951: 模板 声明只能在全局、命名空间或类范围内使用
  (编译源文件“001.cpp”)
  
D:\visual studio\visualstudio 2022\VC\Tools\MSVC\14.44.35207\include\vcruntime_new.h(33,15): error C2870: “std”: 命名空间定义必须出现在文件范围内或紧接着出现在另一命名空间定义内
  (编译源文件“001.cpp”)
  
D:\Windows Kits\10\Include\10.0.26100.0\ucrt\crtdbg.h(456,22): error C2143: 语法错误: 缺少“;”(在“__cdecl”的前面)
  (编译源文件“001.cpp”)
  
D:\Windows Kits\10\Include\10.0.26100.0\ucrt\crtdbg.h(456,14): error C4430: 缺少类型说明符 - 假定为 int。注意: C++ 不支持默认 int
  (编译源文件“001.cpp”)
  
D:\Windows Kits\10\Include\10.0.26100.0\ucrt\crtdbg.h(456,30): error C4430: 缺少类型说明符 - 假定为 int。注意: C++ 不支持默认 int
  (编译源文件“001.cpp”)
  
D:\Windows Kits\10\Include\10.0.26100.0\ucrt\crtdbg.h(526,22): error C2143: 语法错误: 缺少“;”(在“__cdecl”的前面)
  (编译源文件“001.cpp”)
  
D:\Windows Kits\10\Include\10.0.26100.0\ucrt\crtdbg.h(526,14): error C4430: 缺少类型说明符 - 假定为 int。注意: C++ 不支持默认 int
  (编译源文件“001.cpp”)
  
D:\Windows Kits\10\Include\10.0.26100.0\ucrt\crtdbg.h(526,30): error C4430: 缺少类型说明符 - 假定为 int。注意: C++ 不支持默认 int
  (编译源文件“001.cpp”)
  
D:\Windows Kits\10\Include\10.0.26100.0\ucrt\crtdbg.h(635,20): error C2061: 语法错误: 标识符“va_list”
  (编译源文件“001.cpp”)
  
D:\Windows Kits\10\Include\10.0.26100.0\ucrt\crtdbg.h(645,20): error C2061: 语法错误: 标识符“va_list”
  (编译源文件“001.cpp”)
  
D:\Windows Kits\10\Include\10.0.26100.0\ucrt\corecrt_math.h(527,93): error C2061: 语法错误: 标识符“_locale_t”
  (编译源文件“001.cpp”)
  
D:\Windows Kits\10\Include\10.0.26100.0\ucrt\stddef.h(38,22): error C2143: 语法错误: 缺少“;”(在“__cdecl”的前面)
  (编译源文件“001.cpp”)
  
D:\Windows Kits\10\Include\10.0.26100.0\ucrt\stddef.h(38,14): error C4430: 缺少类型说明符 - 假定为 int。注意: C++ 不支持默认 int
  (编译源文件“001.cpp”)
  
D:\Windows Kits\10\Include\10.0.26100.0\ucrt\stddef.h(38,30): error C4430: 缺少类型说明符 - 假定为 int。注意: C++ 不支持默认 int
  (编译源文件“001.cpp”)
  
D:\Windows Kits\10\Include\10.0.26100.0\ucrt\stddef.h(39,22): error C2143: 语法错误: 缺少“;”(在“__cdecl”的前面)
  (编译源文件“001.cpp”)
  
D:\Windows Kits\10\Include\10.0.26100.0\ucrt\stddef.h(39,14): error C4430: 缺少类型说明符 - 假定为 int。注意: C++ 不支持默认 int
  (编译源文件“001.cpp”)
  
D:\Windows Kits\10\Include\10.0.26100.0\ucrt\stddef.h(39,30): error C4430: 缺少类型说明符 - 假定为 int。注意: C++ 不支持默认 int
  (编译源文件“001.cpp”)
  
D:\Windows Kits\10\Include\10.0.26100.0\ucrt\stddef.h(57,27): error C2143: 语法错误: 缺少“;”(在“__cdecl”的前面)
  (编译源文件“001.cpp”)
  
D:\Windows Kits\10\Include\10.0.26100.0\ucrt\stddef.h(57,17): error C4430: 缺少类型说明符 - 假定为 int。注意: C++ 不支持默认 int
  (编译源文件“001.cpp”)
  
D:\Windows Kits\10\Include\10.0.26100.0\ucrt\stddef.h(57,35): error C4430: 缺少类型说明符 - 假定为 int。注意: C++ 不支持默认 int
  (编译源文件“001.cpp”)
  
D:\Windows Kits\10\Include\10.0.26100.0\ucrt\corecrt_search.h(33,60): error C2061: 语法错误: 标识符“rsize_t”
  (编译源文件“001.cpp”)
  
D:\Windows Kits\10\Include\10.0.26100.0\ucrt\corecrt_search.h(41,65): error C2061: 语法错误: 标识符“rsize_t”
  (编译源文件“001.cpp”)
  
D:\Windows Kits\10\Include\10.0.26100.0\ucrt\corecrt_wstdlib.h(54,22): error C2143: 语法错误: 缺少“;”(在“__cdecl”的前面)
  (编译源文件“001.cpp”)
  
D:\Windows Kits\10\Include\10.0.26100.0\ucrt\corecrt_wstdlib.h(54,14): error C4430: 缺少类型说明符 - 假定为 int。注意: C++ 不支持默认 int
  (编译源文件“001.cpp”)
  
D:\Windows Kits\10\Include\10.0.26100.0\ucrt\corecrt_wstdlib.h(54,30): error C4430: 缺少类型说明符 - 假定为 int。注意: C++ 不支持默认 int
  (编译源文件“001.cpp”)
  
D:\Windows Kits\10\Include\10.0.26100.0\ucrt\corecrt_wstdlib.h(61,5): error C2988: 不可识别的模板声明/定义
  (编译源文件“001.cpp”)
  
D:\Windows Kits\10\Include\10.0.26100.0\ucrt\corecrt_wstdlib.h(61,5): error C2143: 语法错误: 缺少“;”(在“__cdecl”的前面)
  (编译源文件“001.cpp”)
  
D:\Windows Kits\10\Include\10.0.26100.0\ucrt\corecrt_wstdlib.h(61,5): error C7525: 内联变量至少需要 "/std:c++17"
  (编译源文件“001.cpp”)
  
D:\Windows Kits\10\Include\10.0.26100.0\ucrt\corecrt_wstdlib.h(61,5): error C4430: 缺少类型说明符 - 假定为 int。注意: C++ 不支持默认 int
  (编译源文件“001.cpp”)
  
D:\Windows Kits\10\Include\10.0.26100.0\ucrt\corecrt_wstdlib.h(61,5): error C2732: 链接规范与“errno_t”的早期规范冲突
  (编译源文件“001.cpp”)
      D:\Windows Kits\10\Include\10.0.26100.0\ucrt\corecrt_wstdlib.h(61,5):
      参见“errno_t”的声明
  
D:\Windows Kits\10\Include\10.0.26100.0\ucrt\corecrt_wstdlib.h(61,5): warning C4273: “errno_t”: dll 链接不一致
  (编译源文件“001.cpp”)
      D:\Windows Kits\10\Include\10.0.26100.0\ucrt\corecrt_wstdlib.h(54,14):
      参见“errno_t”的前一个定义
  
D:\Windows Kits\10\Include\10.0.26100.0\ucrt\corecrt_wstdlib.h(61,5): error C2065: “_Size”: 未声明的标识符
  (编译源文件“001.cpp”)
  
D:\Windows Kits\10\Include\10.0.26100.0\ucrt\corecrt_wstdlib.h(61,5): error C2447: “{”: 缺少函数标题(是否是老式的形式表?)
  (编译源文件“001.cpp”)
  
D:\Windows Kits\10\Include\10.0.26100.0\ucrt\corecrt_wstdlib.h(77,22): error C2988: 不可识别的模板声明/定义
  (编译源文件“001.cpp”)
  
D:\Windows Kits\10\Include\10.0.26100.0\ucrt\corecrt_wstdlib.h(77,22): error C2143: 语法错误: 缺少“;”(在“__cdecl”的前面)
  (编译源文件“001.cpp”)
  
D:\Windows Kits\10\Include\10.0.26100.0\ucrt\corecrt_wstdlib.h(84,5): error C2988: 不可识别的模板声明/定义
  (编译源文件“001.cpp”)
  
D:\Windows Kits\10\Include\10.0.26100.0\ucrt\corecrt_wstdlib.h(84,5): error C2143: 语法错误: 缺少“;”(在“__cdecl”的前面)
  (编译源文件“001.cpp”)
  
D:\Windows Kits\10\Include\10.0.26100.0\ucrt\corecrt_wstdlib.h(84,5): error C7525: 内联变量至少需要 "/std:c++17"
  (编译源文件“001.cpp”)
  
D:\Windows Kits\10\Include\10.0.26100.0\ucrt\corecrt_wstdlib.h(84,5): error C4430: 缺少类型说明符 - 假定为 int。注意: C++ 不支持默认 int
  (编译源文件“001.cpp”)
  
D:\Windows Kits\10\Include\10.0.26100.0\ucrt\corecrt_wstdlib.h(84,5): error C2374: “errno_t”: 重定义；多次初始化
  (编译源文件“001.cpp”)
  
D:\Windows Kits\10\Include\10.0.26100.0\ucrt\corecrt_wstdlib.h(84,5): error C2086: “int errno_t”: 重定义
  (编译源文件“001.cpp”)
      D:\Windows Kits\10\Include\10.0.26100.0\ucrt\corecrt_wstdlib.h(61,5):
      参见“errno_t”的声明
  
D:\Windows Kits\10\Include\10.0.26100.0\ucrt\corecrt_wstdlib.h(84,5): error C2065: “_Size”: 未声明的标识符
  (编译源文件“001.cpp”)
  
D:\Windows Kits\10\Include\10.0.26100.0\ucrt\corecrt_wstdlib.h(84,5): error C2447: “{”: 缺少函数标题(是否是老式的形式表?)
  (编译源文件“001.cpp”)
  
D:\Windows Kits\10\Include\10.0.26100.0\ucrt\corecrt_wstdlib.h(99,22): error C2988: 不可识别的模板声明/定义
  (编译源文件“001.cpp”)
  
D:\Windows Kits\10\Include\10.0.26100.0\ucrt\corecrt_wstdlib.h(99,22): error C2143: 语法错误: 缺少“;”(在“__cdecl”的前面)
  (编译源文件“001.cpp”)
  
D:\Windows Kits\10\Include\10.0.26100.0\ucrt\corecrt_wstdlib.h(106,5): error C2988: 不可识别的模板声明/定义
  (编译源文件“001.cpp”)
  
D:\Windows Kits\10\Include\10.0.26100.0\ucrt\corecrt_wstdlib.h(106,5): error C2143: 语法错误: 缺少“;”(在“__cdecl”的前面)
  (编译源文件“001.cpp”)
  
D:\Windows Kits\10\Include\10.0.26100.0\ucrt\corecrt_wstdlib.h(106,5): error C7525: 内联变量至少需要 "/std:c++17"
  (编译源文件“001.cpp”)
  
D:\Windows Kits\10\Include\10.0.26100.0\ucrt\corecrt_wstdlib.h(106,5): error C4430: 缺少类型说明符 - 假定为 int。注意: C++ 不支持默认 int
  (编译源文件“001.cpp”)
  
D:\Windows Kits\10\Include\10.0.26100.0\ucrt\corecrt_wstdlib.h(106,5): error C2374: “errno_t”: 重定义；多次初始化
  (编译源文件“001.cpp”)
  
D:\Windows Kits\10\Include\10.0.26100.0\ucrt\corecrt_wstdlib.h(106,5): error C2086: “int errno_t”: 重定义
  (编译源文件“001.cpp”)
      D:\Windows Kits\10\Include\10.0.26100.0\ucrt\corecrt_wstdlib.h(61,5):
      参见“errno_t”的声明
  
D:\Windows Kits\10\Include\10.0.26100.0\ucrt\corecrt_wstdlib.h(106,5): error C2065: “_Size”: 未声明的标识符
  (编译源文件“001.cpp”)
  
D:\Windows Kits\10\Include\10.0.26100.0\ucrt\corecrt_wstdlib.h(106,5): error C2447: “{”: 缺少函数标题(是否是老式的形式表?)
  (编译源文件“001.cpp”)
  
D:\Windows Kits\10\Include\10.0.26100.0\ucrt\corecrt_wstdlib.h(130,34): error C2061: 语法错误: 标识符“_locale_t”
  (编译源文件“001.cpp”)
  
D:\Windows Kits\10\Include\10.0.26100.0\ucrt\corecrt_wstdlib.h(145,34): error C2061: 语法错误: 标识符“_locale_t”
  (编译源文件“001.cpp”)
  
D:\Windows Kits\10\Include\10.0.26100.0\ucrt\corecrt_wstdlib.h(160,34): error C2061: 语法错误: 标识符“_locale_t”
  (编译源文件“001.cpp”)
  
D:\Windows Kits\10\Include\10.0.26100.0\ucrt\corecrt_wstdlib.h(175,34): error C2061: 语法错误: 标识符“_locale_t”
  (编译源文件“001.cpp”)
  
D:\Windows Kits\10\Include\10.0.26100.0\ucrt\corecrt_wstdlib.h(190,34): error C2061: 语法错误: 标识符“_locale_t”
  (编译源文件“001.cpp”)
  
D:\Windows Kits\10\Include\10.0.26100.0\ucrt\corecrt_wstdlib.h(203,34): error C2061: 语法错误: 标识符“_locale_t”
  (编译源文件“001.cpp”)
  
D:\Windows Kits\10\Include\10.0.26100.0\ucrt\corecrt_wstdlib.h(216,34): error C2061: 语法错误: 标识符“_locale_t”
  (编译源文件“001.cpp”)
  
D:\Windows Kits\10\Include\10.0.26100.0\ucrt\corecrt_wstdlib.h(227,18): error C2061: 语法错误: 标识符“_locale_t”
  (编译源文件“001.cpp”)
  
D:\Windows Kits\10\Include\10.0.26100.0\ucrt\corecrt_wstdlib.h(238,18): error C2061: 语法错误: 标识符“_locale_t”
  (编译源文件“001.cpp”)
  
D:\Windows Kits\10\Include\10.0.26100.0\ucrt\corecrt_wstdlib.h(249,18): error C2061: 语法错误: 标识符“_locale_t”
  (编译源文件“001.cpp”)
  
D:\Windows Kits\10\Include\10.0.26100.0\ucrt\corecrt_wstdlib.h(260,18): error C2061: 语法错误: 标识符“_locale_t”
  (编译源文件“001.cpp”)
  
D:\Windows Kits\10\Include\10.0.26100.0\ucrt\corecrt_wstdlib.h(264,22): error C2988: 不可识别的模板声明/定义
  (编译源文件“001.cpp”)
  
D:\Windows Kits\10\Include\10.0.26100.0\ucrt\corecrt_wstdlib.h(264,22): error C2143: 语法错误: 缺少“;”(在“__cdecl”的前面)
  (编译源文件“001.cpp”)
  
D:\Windows Kits\10\Include\10.0.26100.0\ucrt\corecrt_wstdlib.h(279,22): error C2988: 不可识别的模板声明/定义
  (编译源文件“001.cpp”)
  
D:\Windows Kits\10\Include\10.0.26100.0\ucrt\corecrt_wstdlib.h(279,22): error C2143: 语法错误: 缺少“;”(在“__cdecl”的前面)
  (编译源文件“001.cpp”)
  
D:\Windows Kits\10\Include\10.0.26100.0\ucrt\corecrt_wstdlib.h(301,18): error C2061: 语法错误: 标识符“_locale_t”
  (编译源文件“001.cpp”)
  
D:\Windows Kits\10\Include\10.0.26100.0\ucrt\corecrt_wstdlib.h(316,34): error C2061: 语法错误: 标识符“_locale_t”
  (编译源文件“001.cpp”)
  
D:\Windows Kits\10\Include\10.0.26100.0\ucrt\corecrt_wstdlib.h(331,34): error C2061: 语法错误: 标识符“_locale_t”
  (编译源文件“001.cpp”)
  
D:\Windows Kits\10\Include\10.0.26100.0\ucrt\corecrt_wstdlib.h(348,22): error C2988: 不可识别的模板声明/定义
  (编译源文件“001.cpp”)
  
D:\Windows Kits\10\Include\10.0.26100.0\ucrt\corecrt_wstdlib.h(348,22): error C2143: 语法错误: 缺少“;”(在“__cdecl”的前面)
  (编译源文件“001.cpp”)
  
D:\Windows Kits\10\Include\10.0.26100.0\ucrt\corecrt_wstdlib.h(357,5): error C2988: 不可识别的模板声明/定义
  (编译源文件“001.cpp”)
  
D:\Windows Kits\10\Include\10.0.26100.0\ucrt\corecrt_wstdlib.h(357,5): error C2143: 语法错误: 缺少“;”(在“__cdecl”的前面)
  (编译源文件“001.cpp”)
  
D:\Windows Kits\10\Include\10.0.26100.0\ucrt\corecrt_wstdlib.h(357,5): error C7525: 内联变量至少需要 "/std:c++17"
  (编译源文件“001.cpp”)
  
D:\Windows Kits\10\Include\10.0.26100.0\ucrt\corecrt_wstdlib.h(357,5): error C4430: 缺少类型说明符 - 假定为 int。注意: C++ 不支持默认 int
  (编译源文件“001.cpp”)
  
D:\Windows Kits\10\Include\10.0.26100.0\ucrt\corecrt_wstdlib.h(357,5): error C2374: “errno_t”: 重定义；多次初始化
  (编译源文件“001.cpp”)
  
D:\Windows Kits\10\Include\10.0.26100.0\ucrt\corecrt_wstdlib.h(357,5): error C2086: “int errno_t”: 重定义
  (编译源文件“001.cpp”)
      D:\Windows Kits\10\Include\10.0.26100.0\ucrt\corecrt_wstdlib.h(61,5):
      参见“errno_t”的声明
  
D:\Windows Kits\10\Include\10.0.26100.0\ucrt\corecrt_wstdlib.h(357,5): error C2065: “_Size”: 未声明的标识符
  (编译源文件“001.cpp”)
  
D:\Windows Kits\10\Include\10.0.26100.0\ucrt\corecrt_wstdlib.h(357,5): error C2447: “{”: 缺少函数标题(是否是老式的形式表?)
  (编译源文件“001.cpp”)
  
D:\Windows Kits\10\Include\10.0.26100.0\ucrt\corecrt_wstdlib.h(388,22): error C2988: 不可识别的模板声明/定义
  (编译源文件“001.cpp”)
  
D:\Windows Kits\10\Include\10.0.26100.0\ucrt\corecrt_wstdlib.h(388,22): error C2143: 语法错误: 缺少“;”(在“__cdecl”的前面)
  (编译源文件“001.cpp”)
  
D:\Windows Kits\10\Include\10.0.26100.0\ucrt\corecrt_wstdlib.h(400,5): error C2988: 不可识别的模板声明/定义
  (编译源文件“001.cpp”)
  
D:\Windows Kits\10\Include\10.0.26100.0\ucrt\corecrt_wstdlib.h(400,5): error C2143: 语法错误: 缺少“;”(在“__cdecl”的前面)
  (编译源文件“001.cpp”)
  
D:\Windows Kits\10\Include\10.0.26100.0\ucrt\corecrt_wstdlib.h(400,5): error C7525: 内联变量至少需要 "/std:c++17"
  (编译源文件“001.cpp”)
  
D:\Windows Kits\10\Include\10.0.26100.0\ucrt\corecrt_wstdlib.h(400,5): error C4430: 缺少类型说明符 - 假定为 int。注意: C++ 不支持默认 int
  (编译源文件“001.cpp”)
  
D:\Windows Kits\10\Include\10.0.26100.0\ucrt\corecrt_wstdlib.h(400,5): error C2374: “errno_t”: 重定义；多次初始化
  (编译源文件“001.cpp”)
  
D:\Windows Kits\10\Include\10.0.26100.0\ucrt\corecrt_wstdlib.h(400,5): error C2086: “int errno_t”: 重定义
  (编译源文件“001.cpp”)
      D:\Windows Kits\10\Include\10.0.26100.0\ucrt\corecrt_wstdlib.h(61,5):
      参见“errno_t”的声明
  
D:\Windows Kits\10\Include\10.0.26100.0\ucrt\corecrt_wstdlib.h(400,5): error C2065: “_DriveSize”: 未声明的标识符
  (编译源文件“001.cpp”)
  
D:\Windows Kits\10\Include\10.0.26100.0\ucrt\corecrt_wstdlib.h(400,5): error C2065: “_DirSize”: 未声明的标识符
  (编译源文件“001.cpp”)
  
D:\Windows Kits\10\Include\10.0.26100.0\ucrt\corecrt_wstdlib.h(400,5): error C2065: “_NameSize”: 未声明的标识符
  (编译源文件“001.cpp”)
  
D:\Windows Kits\10\Include\10.0.26100.0\ucrt\corecrt_wstdlib.h(400,5): error C2065: “_ExtSize”: 未声明的标识符
  (编译源文件“001.cpp”)
  
D:\Windows Kits\10\Include\10.0.26100.0\ucrt\corecrt_wstdlib.h(400,5): error C2447: “{”: 缺少函数标题(是否是老式的形式表?)
  (编译源文件“001.cpp”)
  
D:\Windows Kits\10\Include\10.0.26100.0\ucrt\corecrt_wstdlib.h(409,26): error C2988: 不可识别的模板声明/定义
  (编译源文件“001.cpp”)
  
D:\Windows Kits\10\Include\10.0.26100.0\ucrt\corecrt_wstdlib.h(409,26): error C2143: 语法错误: 缺少“;”(在“__cdecl”的前面)
  (编译源文件“001.cpp”)
  
D:\Windows Kits\10\Include\10.0.26100.0\ucrt\corecrt_wstdlib.h(424,26): error C2988: 不可识别的模板声明/定义
  (编译源文件“001.cpp”)
  
D:\Windows Kits\10\Include\10.0.26100.0\ucrt\corecrt_wstdlib.h(424,26): error C2143: 语法错误: 缺少“;”(在“__cdecl”的前面)
  (编译源文件“001.cpp”)
  
D:\Windows Kits\10\Include\10.0.26100.0\ucrt\corecrt_wstdlib.h(431,9): error C2988: 不可识别的模板声明/定义
  (编译源文件“001.cpp”)
  
D:\Windows Kits\10\Include\10.0.26100.0\ucrt\corecrt_wstdlib.h(431,9): error C2143: 语法错误: 缺少“;”(在“__cdecl”的前面)
  (编译源文件“001.cpp”)
  
D:\Windows Kits\10\Include\10.0.26100.0\ucrt\corecrt_wstdlib.h(431,9): error C7525: 内联变量至少需要 "/std:c++17"
  (编译源文件“001.cpp”)
  
D:\Windows Kits\10\Include\10.0.26100.0\ucrt\corecrt_wstdlib.h(431,9): error C4430: 缺少类型说明符 - 假定为 int。注意: C++ 不支持默认 int
  (编译源文件“001.cpp”)
  
D:\Windows Kits\10\Include\10.0.26100.0\ucrt\corecrt_wstdlib.h(431,9): error C2374: “errno_t”: 重定义；多次初始化
  (编译源文件“001.cpp”)
  
D:\Windows Kits\10\Include\10.0.26100.0\ucrt\corecrt_wstdlib.h(431,9): error C1003: 错误计数超过 100；正在停止编译
  (编译源文件“001.cpp”)
  
